[17:02:48.915] === 挖掘机 V4 闭环控制器初始化 ===
[17:02:51.477] 
==========================================
[17:02:51.477] [闭环控制开始] boom_swing 目标: -0.1° | 基础推力: 2000, 2000, 2600 | 初始步骤: False
[17:02:51.478] [状态] boom_swing | 当前角度: 43.9° | 距离目标: -44.0° | 已耗时: 0.00s
[17:02:51.990] [状态] boom_swing | 当前角度: 42.6° | 距离目标: -42.7° | 已耗时: 0.51s
[17:02:52.480] [状态] boom_swing | 当前角度: 14.3° | 距离目标: -14.4° | 已耗时: 1.00s
[17:02:52.767] [闭环控制完成] boom_swing 抵达目标区域 (当前角度: 0.6° 目标: -0.1°)
[17:02:52.767] [柔性刹车] 保持动作，液压从 21.7% 缓降至 0%，耗时: 0.2s
[17:02:53.482] 
==========================================
[17:02:53.483] [闭环控制开始] arm_boom 目标: 93.0° | 基础推力: 2000, 2000, 2600 | 初始步骤: False
[17:02:53.483] [状态] arm_boom | 当前角度: 63.1° | 距离目标: 29.9° | 已耗时: 0.00s
[17:02:53.995] [状态] arm_boom | 当前角度: 84.9° | 距离目标: 8.1° | 已耗时: 0.51s
[17:02:54.118] [闭环控制完成] arm_boom 抵达目标区域 (当前角度: 91.9° 目标: 93.0°)
[17:02:54.119] [柔性刹车] 保持动作，液压从 24.1% 缓降至 0%，耗时: 0.2s
[17:02:54.886] 
==========================================
[17:02:54.886] [闭环控制开始] bucket_arm 目标: 5.1° | 基础推力: 2000, 2000, 2600 | 初始步骤: False
[17:02:54.887] [状态] bucket_arm | 当前角度: -32.4° | 距离目标: 37.5° | 已耗时: 0.00s
[17:02:55.399] [状态] bucket_arm | 当前角度: -18.9° | 距离目标: 24.0° | 已耗时: 0.51s
[17:02:55.747] [闭环控制完成] bucket_arm 抵达目标区域 (当前角度: 5.2° 目标: 5.1°)
[17:02:55.747] [柔性刹车] 保持动作，液压从 22.2% 缓降至 0%，耗时: 0.2s
[17:02:56.488] 
==========================================
[17:02:56.489] [闭环控制开始] arm_boom 目标: 28.5° | 基础推力: 2000, 2000, 2600 | 初始步骤: False
[17:02:56.489] [状态] arm_boom | 当前角度: 92.4° | 距离目标: -63.9° | 已耗时: 0.00s
[17:02:57.001] [状态] arm_boom | 当前角度: 72.0° | 距离目标: -43.5° | 已耗时: 0.51s
[17:02:57.492] [状态] arm_boom | 当前角度: 37.9° | 距离目标: -9.4° | 已耗时: 1.00s
[17:02:57.634] [闭环控制完成] arm_boom 抵达目标区域 (当前角度: 30.8° 目标: 28.5°)
[17:02:57.634] [柔性刹车] 保持动作，液压从 27.5% 缓降至 0%，耗时: 0.2s
[17:02:58.391] 
==========================================
[17:02:58.391] [闭环控制开始] bucket_arm 目标: -57.0° | 基础推力: 2000, 2000, 2600 | 初始步骤: False
[17:02:58.392] [状态] bucket_arm | 当前角度: 12.8° | 距离目标: -69.8° | 已耗时: 0.00s
[17:02:58.903] [状态] bucket_arm | 当前角度: -12.4° | 距离目标: -44.6° | 已耗时: 0.51s
[17:02:59.393] [状态] bucket_arm | 当前角度: -43.4° | 距离目标: -13.6° | 已耗时: 1.00s
[17:02:59.637] [闭环控制完成] bucket_arm 抵达目标区域 (当前角度: -53.1° 目标: -57.0°)
[17:02:59.638] [柔性刹车] 保持动作，液压从 33.6% 缓降至 0%，耗时: 0.2s
[17:03:00.394] 
==========================================
[17:03:00.395] [闭环控制开始] boom_swing 目标: 31.9° | 基础推力: 2000, 2000, 2600 | 初始步骤: False
[17:03:00.395] [状态] boom_swing | 当前角度: 2.0° | 距离目标: 29.9° | 已耗时: 0.00s
[17:03:00.905] [状态] boom_swing | 当前角度: 16.4° | 距离目标: 15.5° | 已耗时: 0.51s
[17:03:01.152] [闭环控制完成] boom_swing 抵达目标区域 (当前角度: 28.3° 目标: 31.9°)
[17:03:01.152] [柔性刹车] 保持动作，液压从 10.7% 缓降至 0%，耗时: 0.2s
[17:03:01.897] 
==========================================
[17:03:01.897] [闭环控制开始] bucket_arm 目标: -22.6° | 基础推力: 2000, 2000, 2600 | 初始步骤: False
[17:03:01.897] [状态] bucket_arm | 当前角度: -56.1° | 距离目标: 33.5° | 已耗时: 0.00s
[17:03:02.412] [状态] bucket_arm | 当前角度: -46.2° | 距离目标: 23.6° | 已耗时: 0.51s
[17:03:02.906] [状态] bucket_arm | 当前角度: -25.5° | 距离目标: 2.9° | 已耗时: 1.01s
[17:03:02.906] [闭环控制完成] bucket_arm 抵达目标区域 (当前角度: -25.5° 目标: -22.6°)
[17:03:02.906] [柔性刹车] 保持动作，液压从 29.5% 缓降至 0%，耗时: 0.2s
[17:03:03.699] 
==========================================
[17:03:03.700] [闭环控制开始] arm_boom 目标: 57.7° | 基础推力: 2000, 2000, 2600 | 初始步骤: False
[17:03:03.700] [状态] arm_boom | 当前角度: 28.1° | 距离目标: 29.6° | 已耗时: 0.00s
[17:03:04.212] [状态] arm_boom | 当前角度: 48.2° | 距离目标: 9.5° | 已耗时: 0.51s
[17:03:04.457] [闭环控制完成] arm_boom 抵达目标区域 (当前角度: 54.8° 目标: 57.7°)
[17:03:04.457] [柔性刹车] 保持动作，液压从 29.5% 缓降至 0%，耗时: 0.2s
[17:03:05.202] 
==========================================
[17:03:05.202] [闭环控制开始] bucket_arm 目标: -4.1° | 基础推力: 2000, 2000, 2600 | 初始步骤: False
[17:03:05.202] [状态] bucket_arm | 当前角度: -26.5° | 距离目标: 22.4° | 已耗时: 0.00s
[17:03:05.714] [状态] bucket_arm | 当前角度: -13.0° | 距离目标: 8.9° | 已耗时: 0.51s
[17:03:05.900] [闭环控制完成] bucket_arm 抵达目标区域 (当前角度: -5.1° 目标: -4.1°)
[17:03:05.901] [柔性刹车] 保持动作，液压从 22.0% 缓降至 0%，耗时: 0.2s
[17:03:06.604] 
==========================================
[17:03:06.604] [闭环控制开始] arm_boom 目标: 55.2° | 基础推力: 2000, 2000, 2600 | 初始步骤: False
[17:03:06.605] [状态] arm_boom | 当前角度: 56.7° | 距离目标: -1.5° | 已耗时: 0.00s
[17:03:06.645] [闭环控制完成] arm_boom 抵达目标区域 (当前角度: 56.7° 目标: 55.2°)
[17:03:06.646] [柔性刹车] 保持动作，液压从 2.9% 缓降至 0%，耗时: 0.2s
[17:03:07.405] 
==========================================
[17:03:07.406] [闭环控制开始] bucket_arm 目标: 7.5° | 基础推力: 2000, 2000, 2600 | 初始步骤: False
[17:03:07.406] [状态] bucket_arm | 当前角度: -4.2° | 距离目标: 11.7° | 已耗时: 0.00s
[17:03:07.836] [闭环控制完成] bucket_arm 抵达目标区域 (当前角度: 6.1° 目标: 7.5°)
[17:03:07.836] [柔性刹车] 保持动作，液压从 25.6% 缓降至 0%，耗时: 0.2s
[17:03:08.608] 
==========================================
[17:03:08.609] [闭环控制开始] boom_swing 目标: 15.6° | 基础推力: 2000, 2000, 2600 | 初始步骤: False
[17:03:08.609] [状态] boom_swing | 当前角度: 41.3° | 距离目标: -25.7° | 已耗时: 0.00s
[17:03:09.123] [状态] boom_swing | 当前角度: 32.7° | 距离目标: -17.1° | 已耗时: 0.51s
[17:03:09.409] [闭环控制完成] boom_swing 抵达目标区域 (当前角度: 16.6° 目标: 15.6°)
[17:03:09.409] [柔性刹车] 保持动作，液压从 24.1% 缓降至 0%，耗时: 0.2s
[17:03:10.212] 
==========================================
[17:03:10.212] [闭环控制开始] arm_boom 目标: 81.7° | 基础推力: 2000, 2000, 2600 | 初始步骤: False
[17:03:10.213] [状态] arm_boom | 当前角度: 57.8° | 距离目标: 23.9° | 已耗时: 0.00s
[17:03:10.722] [状态] arm_boom | 当前角度: 72.0° | 距离目标: 9.7° | 已耗时: 0.51s
[17:03:10.906] [闭环控制完成] arm_boom 抵达目标区域 (当前角度: 79.4° 目标: 81.7°)
[17:03:10.906] [柔性刹车] 保持动作，液压从 28.2% 缓降至 0%，耗时: 0.2s
[17:03:11.614] 
==========================================
[17:03:11.615] [闭环控制开始] boom_swing 目标: -0.0° | 基础推力: 2000, 2000, 2600 | 初始步骤: False
[17:03:11.615] [状态] boom_swing | 当前角度: 12.3° | 距离目标: -12.3° | 已耗时: 0.00s
[17:03:12.128] [状态] boom_swing | 当前角度: 5.9° | 距离目标: -5.9° | 已耗时: 0.51s
[17:03:12.272] [闭环控制完成] boom_swing 抵达目标区域 (当前角度: 2.1° 目标: -0.0°)
[17:03:12.272] [柔性刹车] 保持动作，液压从 25.4% 缓降至 0%，耗时: 0.2s
[17:03:13.018] [开环控制开始] 回转 左转 3.0 秒 | 基础推力: 2000, 2000, 2000
[17:03:13.019] [状态] 回转 左转 | 已运行: 0.00s / 3.0s | 模拟量输出: 0, 0, 0 | 柔性系数: 0.00
[17:03:13.533] [状态] 回转 左转 | 已运行: 0.51s / 3.0s | 模拟量输出: 2000, 2000, 2000 | 柔性系数: 1.00
[17:03:14.024] [状态] 回转 左转 | 已运行: 1.01s / 3.0s | 模拟量输出: 2000, 2000, 2000 | 柔性系数: 1.00
[17:03:15.034] [状态] 回转 左转 | 已运行: 2.02s / 3.0s | 模拟量输出: 2000, 2000, 2000 | 柔性系数: 1.00
[17:03:15.523] [状态] 回转 左转 | 已运行: 2.50s / 3.0s | 模拟量输出: 2000, 2000, 2000 | 柔性系数: 1.00
[17:03:16.033] [开环控制完成] 回转动作结束 (左转 3.0 秒)
[17:03:16.625] 
==========================================
[17:03:16.625] [闭环控制开始] arm_boom 目标: 13.5° | 基础推力: 2000, 2000, 2600 | 初始步骤: False
[17:03:16.626] [状态] arm_boom | 当前角度: 85.6° | 距离目标: -72.1° | 已耗时: 0.00s
[17:03:17.138] [状态] arm_boom | 当前角度: 68.7° | 距离目标: -55.2° | 已耗时: 0.51s
[17:03:17.626] [状态] arm_boom | 当前角度: 36.6° | 距离目标: -23.1° | 已耗时: 1.00s
[17:03:17.953] [闭环控制完成] arm_boom 抵达目标区域 (当前角度: 15.7° 目标: 13.5°)
[17:03:17.953] [柔性刹车] 保持动作，液压从 28.2% 缓降至 0%，耗时: 0.2s
[17:03:18.728] 
==========================================
[17:03:18.729] [闭环控制开始] bucket_arm 目标: -51.3° | 基础推力: 2000, 2000, 2600 | 初始步骤: False
[17:03:18.729] [状态] bucket_arm | 当前角度: 13.8° | 距离目标: -65.1° | 已耗时: 0.00s
[17:03:19.240] [状态] bucket_arm | 当前角度: -9.0° | 距离目标: -42.3° | 已耗时: 0.51s
[17:03:19.731] [状态] bucket_arm | 当前角度: -41.8° | 距离目标: -9.5° | 已耗时: 1.00s
[17:03:19.895] [闭环控制完成] bucket_arm 抵达目标区域 (当前角度: -48.3° 目标: -51.3°)
[17:03:19.895] [柔性刹车] 保持动作，液压从 29.9% 缓降至 0%，耗时: 0.2s
[17:03:20.631] [开环控制开始] 回转 右转 3.0 秒 | 基础推力: 2000, 2000, 2000
[17:03:20.632] [状态] 回转 右转 | 已运行: 0.00s / 3.0s | 模拟量输出: 0, 0, 0 | 柔性系数: 0.00
[17:03:21.146] [状态] 回转 右转 | 已运行: 0.51s / 3.0s | 模拟量输出: 2000, 2000, 2000 | 柔性系数: 1.00
[17:03:21.636] [状态] 回转 右转 | 已运行: 1.00s / 3.0s | 模拟量输出: 2000, 2000, 2000 | 柔性系数: 1.00
[17:03:22.150] [状态] 回转 右转 | 已运行: 1.52s / 3.0s | 模拟量输出: 2000, 2000, 2000 | 柔性系数: 1.00
[17:03:22.641] [状态] 回转 右转 | 已运行: 2.01s / 3.0s | 模拟量输出: 2000, 2000, 2000 | 柔性系数: 1.00
[17:03:23.152] [状态] 回转 右转 | 已运行: 2.52s / 3.0s | 模拟量输出: 2000, 2000, 2000 | 柔性系数: 1.00
[17:03:23.641] [开环控制完成] 回转动作结束 (右转 3.0 秒)
