[14:30:34.751] === 挖掘机 V4 闭环控制器初始化 ===
[14:30:37.265] 
==========================================
[14:30:37.266] [闭环控制开始] boom_swing 目标: -0.1° | 基础推力: 2000, 2000, 2600 | 初始步骤: False
[14:30:37.266] [状态] boom_swing | 当前角度: 43.7° | 距离目标: -43.8° | 已耗时: 0.00s
[14:30:37.778] [状态] boom_swing | 当前角度: 35.2° | 距离目标: -35.3° | 已耗时: 0.51s
[14:30:38.270] [状态] boom_swing | 当前角度: 6.1° | 距离目标: -6.2° | 已耗时: 1.00s
[14:30:38.373] [闭环控制完成] boom_swing 抵达目标区域 (当前角度: 0.9° 目标: -0.1°)
[14:30:38.373] [柔性刹车] 保持动作，液压从 23.3% 缓降至 0%，耗时: 0.2s
[14:30:39.168] 
==========================================
[14:30:39.169] [闭环控制开始] arm_boom 目标: 93.0° | 基础推力: 2000, 2000, 2600 | 初始步骤: False
[14:30:39.169] [状态] arm_boom | 当前角度: 67.1° | 距离目标: 25.9° | 已耗时: 0.00s
[14:30:39.682] [状态] arm_boom | 当前角度: 92.6° | 距离目标: 0.4° | 已耗时: 0.51s
[14:30:39.682] [闭环控制完成] arm_boom 抵达目标区域 (当前角度: 92.6° 目标: 93.0°)
[14:30:39.682] [柔性刹车] 保持动作，液压从 21.4% 缓降至 0%，耗时: 0.2s
[14:30:40.471] 
==========================================
[14:30:40.472] [闭环控制开始] bucket_arm 目标: 5.1° | 基础推力: 2000, 2000, 2600 | 初始步骤: False
[14:30:40.472] [状态] bucket_arm | 当前角度: -37.4° | 距离目标: 42.5° | 已耗时: 0.00s
[14:30:40.984] [状态] bucket_arm | 当前角度: -23.5° | 距离目标: 28.6° | 已耗时: 0.51s
[14:30:41.435] [闭环控制完成] bucket_arm 抵达目标区域 (当前角度: 4.7° 目标: 5.1°)
[14:30:41.435] [柔性刹车] 保持动作，液压从 24.6% 缓降至 0%，耗时: 0.2s
[14:30:42.174] 
==========================================
[14:30:42.175] [闭环控制开始] arm_boom 目标: 28.5° | 基础推力: 2000, 2000, 2600 | 初始步骤: False
[14:30:42.175] [状态] arm_boom | 当前角度: 92.7° | 距离目标: -64.2° | 已耗时: 0.00s
[14:30:42.687] [状态] arm_boom | 当前角度: 72.7° | 距离目标: -44.2° | 已耗时: 0.51s
[14:30:43.179] [状态] arm_boom | 当前角度: 40.8° | 距离目标: -12.3° | 已耗时: 1.00s
[14:30:43.364] [闭环控制完成] arm_boom 抵达目标区域 (当前角度: 30.4° 目标: 28.5°)
[14:30:43.364] [柔性刹车] 保持动作，液压从 27.2% 缓降至 0%，耗时: 0.2s
[14:30:44.077] 
==========================================
[14:30:44.077] [闭环控制开始] bucket_arm 目标: -57.0° | 基础推力: 2000, 2000, 2600 | 初始步骤: False
[14:30:44.078] [状态] bucket_arm | 当前角度: 12.5° | 距离目标: -69.5° | 已耗时: 0.00s
[14:30:44.591] [状态] bucket_arm | 当前角度: -12.4° | 距离目标: -44.6° | 已耗时: 0.51s
[14:30:45.081] [状态] bucket_arm | 当前角度: -44.1° | 距离目标: -12.9° | 已耗时: 1.00s
[14:30:45.348] [闭环控制完成] bucket_arm 抵达目标区域 (当前角度: -53.1° 目标: -57.0°)
[14:30:45.349] [柔性刹车] 保持动作，液压从 33.2% 缓降至 0%，耗时: 0.2s
[14:30:46.080] 
==========================================
[14:30:46.081] [闭环控制开始] boom_swing 目标: 31.9° | 基础推力: 2000, 2000, 2600 | 初始步骤: False
[14:30:46.081] [状态] boom_swing | 当前角度: -0.1° | 距离目标: 32.0° | 已耗时: 0.00s
[14:30:46.593] [状态] boom_swing | 当前角度: 13.8° | 距离目标: 18.1° | 已耗时: 0.51s
[14:30:46.859] [闭环控制完成] boom_swing 抵达目标区域 (当前角度: 27.8° 目标: 31.9°)
[14:30:46.860] [柔性刹车] 保持动作，液压从 12.0% 缓降至 0%，耗时: 0.2s
[14:30:47.583] 
==========================================
[14:30:47.584] [闭环控制开始] bucket_arm 目标: -22.6° | 基础推力: 2000, 2000, 2600 | 初始步骤: False
[14:30:47.584] [状态] bucket_arm | 当前角度: -55.7° | 距离目标: 33.1° | 已耗时: 0.00s
[14:30:48.094] [状态] bucket_arm | 当前角度: -45.0° | 距离目标: 22.4° | 已耗时: 0.51s
[14:30:48.565] [闭环控制完成] bucket_arm 抵达目标区域 (当前角度: -25.7° 目标: -22.6°)
[14:30:48.567] [柔性刹车] 保持动作，液压从 31.0% 缓降至 0%，耗时: 0.2s
[14:30:49.286] 
==========================================
[14:30:49.287] [闭环控制开始] arm_boom 目标: 57.7° | 基础推力: 2000, 2000, 2600 | 初始步骤: False
[14:30:49.287] [状态] arm_boom | 当前角度: 26.1° | 距离目标: 31.6° | 已耗时: 0.00s
[14:30:49.800] [状态] arm_boom | 当前角度: 48.2° | 距离目标: 9.5° | 已耗时: 0.51s
[14:30:50.024] [闭环控制完成] arm_boom 抵达目标区域 (当前角度: 55.0° 目标: 57.7°)
[14:30:50.024] [柔性刹车] 保持动作，液压从 28.9% 缓降至 0%，耗时: 0.2s
[14:30:50.788] 
==========================================
[14:30:50.789] [闭环控制开始] bucket_arm 目标: -4.1° | 基础推力: 2000, 2000, 2600 | 初始步骤: False
[14:30:50.789] [状态] bucket_arm | 当前角度: -26.5° | 距离目标: 22.4° | 已耗时: 0.00s
[14:30:51.299] [状态] bucket_arm | 当前角度: -13.7° | 距离目标: 9.6° | 已耗时: 0.51s
[14:30:51.443] [闭环控制完成] bucket_arm 抵达目标区域 (当前角度: -5.8° 目标: -4.1°)
[14:30:51.443] [柔性刹车] 保持动作，液压从 26.0% 缓降至 0%，耗时: 0.2s
[14:30:52.191] 
==========================================
[14:30:52.192] [闭环控制开始] arm_boom 目标: 55.2° | 基础推力: 2000, 2000, 2600 | 初始步骤: False
[14:30:52.192] [状态] arm_boom | 当前角度: 58.0° | 距离目标: -2.8° | 已耗时: 0.00s
[14:30:52.233] [闭环控制完成] arm_boom 抵达目标区域 (当前角度: 58.0° 目标: 55.2°)
[14:30:52.233] [柔性刹车] 保持动作，液压从 3.0% 缓降至 0%，耗时: 0.2s
[14:30:52.993] 
==========================================
[14:30:52.993] [闭环控制开始] bucket_arm 目标: 7.5° | 基础推力: 2000, 2000, 2600 | 初始步骤: False
[14:30:52.993] [状态] bucket_arm | 当前角度: -3.2° | 距离目标: 10.7° | 已耗时: 0.00s
[14:30:53.445] [闭环控制完成] bucket_arm 抵达目标区域 (当前角度: 6.5° 目标: 7.5°)
[14:30:53.447] [柔性刹车] 保持动作，液压从 22.9% 缓降至 0%，耗时: 0.2s
[14:30:54.194] 
==========================================
[14:30:54.195] [闭环控制开始] boom_swing 目标: 15.6° | 基础推力: 2000, 2000, 2600 | 初始步骤: False
[14:30:54.195] [状态] boom_swing | 当前角度: 41.4° | 距离目标: -25.8° | 已耗时: 0.00s
[14:30:54.708] [状态] boom_swing | 当前角度: 32.3° | 距离目标: -16.7° | 已耗时: 0.51s
[14:30:54.995] [闭环控制完成] boom_swing 抵达目标区域 (当前角度: 16.7° 目标: 15.6°)
[14:30:54.996] [柔性刹车] 保持动作，液压从 23.3% 缓降至 0%，耗时: 0.2s
[14:30:55.797] 
==========================================
[14:30:55.798] [闭环控制开始] arm_boom 目标: 81.7° | 基础推力: 2000, 2000, 2600 | 初始步骤: False
[14:30:55.798] [状态] arm_boom | 当前角度: 58.9° | 距离目标: 22.8° | 已耗时: 0.00s
[14:30:56.311] [状态] arm_boom | 当前角度: 72.3° | 距离目标: 9.4° | 已耗时: 0.51s
[14:30:56.496] [闭环控制完成] arm_boom 抵达目标区域 (当前角度: 80.0° 目标: 81.7°)
[14:30:56.496] [柔性刹车] 保持动作，液压从 25.7% 缓降至 0%，耗时: 0.2s
[14:30:57.200] 
==========================================
[14:30:57.201] [闭环控制开始] boom_swing 目标: -0.0° | 基础推力: 2000, 2000, 2600 | 初始步骤: False
[14:30:57.201] [状态] boom_swing | 当前角度: 12.9° | 距离目标: -12.9° | 已耗时: 0.00s
[14:30:57.713] [状态] boom_swing | 当前角度: 5.9° | 距离目标: -5.9° | 已耗时: 0.51s
[14:30:57.857] [闭环控制完成] boom_swing 抵达目标区域 (当前角度: 2.3° 目标: -0.0°)
[14:30:57.857] [柔性刹车] 保持动作，液压从 26.3% 缓降至 0%，耗时: 0.2s
[14:30:58.603] [开环控制开始] 回转 左转 3.0 秒 | 基础推力: 2000, 2000, 2000
[14:30:58.604] [状态] 回转 左转 | 已运行: 0.00s / 3.0s | 模拟量输出: 0, 0, 0 | 柔性系数: 0.00
[14:30:59.116] [状态] 回转 左转 | 已运行: 0.51s / 3.0s | 模拟量输出: 2000, 2000, 2000 | 柔性系数: 1.00
[14:30:59.610] [状态] 回转 左转 | 已运行: 1.01s / 3.0s | 模拟量输出: 2000, 2000, 2000 | 柔性系数: 1.00
[14:31:00.104] [状态] 回转 左转 | 已运行: 1.50s / 3.0s | 模拟量输出: 2000, 2000, 2000 | 柔性系数: 1.00
[14:31:00.618] [状态] 回转 左转 | 已运行: 2.01s / 3.0s | 模拟量输出: 2000, 2000, 2000 | 柔性系数: 1.00
[14:31:01.108] [状态] 回转 左转 | 已运行: 2.50s / 3.0s | 模拟量输出: 2000, 2000, 2000 | 柔性系数: 1.00
[14:31:01.617] [开环控制完成] 回转动作结束 (左转 3.0 秒)
[14:31:02.210] 
==========================================
[14:31:02.211] [闭环控制开始] arm_boom 目标: 13.5° | 基础推力: 2000, 2000, 2600 | 初始步骤: False
[14:31:02.211] [状态] arm_boom | 当前角度: 85.7° | 距离目标: -72.2° | 已耗时: 0.00s
[14:31:02.725] [状态] arm_boom | 当前角度: 67.1° | 距离目标: -53.6° | 已耗时: 0.51s
[14:31:03.216] [状态] arm_boom | 当前角度: 34.8° | 距离目标: -21.3° | 已耗时: 1.01s
[14:31:03.543] [闭环控制完成] arm_boom 抵达目标区域 (当前角度: 15.9° 目标: 13.5°)
[14:31:03.543] [柔性刹车] 保持动作，液压从 28.7% 缓降至 0%，耗时: 0.2s
[14:31:04.314] 
==========================================
[14:31:04.314] [闭环控制开始] bucket_arm 目标: -51.3° | 基础推力: 2000, 2000, 2600 | 初始步骤: False
[14:31:04.314] [状态] bucket_arm | 当前角度: 13.7° | 距离目标: -65.0° | 已耗时: 0.00s
[14:31:04.824] [状态] bucket_arm | 当前角度: -9.7° | 距离目标: -41.6° | 已耗时: 0.51s
[14:31:05.334] [状态] bucket_arm | 当前角度: -43.3° | 距离目标: -8.0° | 已耗时: 1.02s
[14:31:05.478] [闭环控制完成] bucket_arm 抵达目标区域 (当前角度: -48.1° 目标: -51.3°)
[14:31:05.478] [柔性刹车] 保持动作，液压从 30.5% 缓降至 0%，耗时: 0.2s
[14:31:06.218] [开环控制开始] 回转 右转 3.0 秒 | 基础推力: 2000, 2000, 2000
[14:31:06.218] [状态] 回转 右转 | 已运行: 0.00s / 3.0s | 模拟量输出: 0, 0, 0 | 柔性系数: 0.00
[14:31:06.731] [状态] 回转 右转 | 已运行: 0.51s / 3.0s | 模拟量输出: 2000, 2000, 2000 | 柔性系数: 1.00
[14:31:07.220] [状态] 回转 右转 | 已运行: 1.00s / 3.0s | 模拟量输出: 2000, 2000, 2000 | 柔性系数: 1.00
[14:31:07.731] [状态] 回转 右转 | 已运行: 1.51s / 3.0s | 模拟量输出: 2000, 2000, 2000 | 柔性系数: 1.00
[14:31:08.220] [状态] 回转 右转 | 已运行: 2.00s / 3.0s | 模拟量输出: 2000, 2000, 2000 | 柔性系数: 1.00
[14:31:08.734] [状态] 回转 右转 | 已运行: 2.52s / 3.0s | 模拟量输出: 2000, 2000, 2000 | 柔性系数: 1.00
[14:31:09.224] [开环控制完成] 回转动作结束 (右转 3.0 秒)
[14:31:09.824] 
==========================================
[14:31:09.825] [闭环控制开始] boom_swing 目标: -0.1° | 基础推力: 2000, 2000, 2600 | 初始步骤: False
[14:31:09.825] [状态] boom_swing | 当前角度: 2.5° | 距离目标: -2.6° | 已耗时: 0.00s
[14:31:09.866] [闭环控制完成] boom_swing 抵达目标区域 (当前角度: 2.6° 目标: -0.1°)
[14:31:09.866] [柔性刹车] 保持动作，液压从 2.9% 缓降至 0%，耗时: 0.2s
[14:31:10.625] 
==========================================
[14:31:10.626] [闭环控制开始] arm_boom 目标: 13.1° | 基础推力: 2000, 2000, 2600 | 初始步骤: False
[14:31:10.626] [状态] arm_boom | 当前角度: 12.1° | 距离目标: 1.0° | 已耗时: 0.00s
[14:31:10.667] [闭环控制完成] arm_boom 抵达目标区域 (当前角度: 12.1° 目标: 13.1°)
[14:31:10.667] [柔性刹车] 保持动作，液压从 3.0% 缓降至 0%，耗时: 0.2s
[14:31:11.427] 
==========================================
[14:31:11.428] [闭环控制开始] bucket_arm 目标: -77.1° | 基础推力: 2000, 2000, 2600 | 初始步骤: False
[14:31:11.428] [状态] bucket_arm | 当前角度: -50.7° | 距离目标: -26.4° | 已耗时: 0.00s
[14:31:11.942] [状态] bucket_arm | 当前角度: -63.4° | 距离目标: -13.7° | 已耗时: 0.51s
[14:31:12.250] [闭环控制完成] bucket_arm 抵达目标区域 (当前角度: -73.2° 目标: -77.1°)
[14:31:12.251] [柔性刹车] 保持动作，液压从 33.3% 缓降至 0%，耗时: 0.2s
