[17:03:31.888] === 挖掘机 V4 闭环控制器初始化 ===
[17:03:34.458] 
==========================================
[17:03:34.459] [闭环控制开始] boom_swing 目标: -0.1° | 基础推力: 2000, 2000, 2600 | 初始步骤: False
[17:03:34.459] [状态] boom_swing | 当前角度: 2.3° | 距离目标: -2.4° | 已耗时: 0.00s
[17:03:34.500] [闭环控制完成] boom_swing 抵达目标区域 (当前角度: 2.3° 目标: -0.1°)
[17:03:34.501] [柔性刹车] 保持动作，液压从 2.9% 缓降至 0%，耗时: 0.2s
[17:03:35.260] 
==========================================
[17:03:35.261] [闭环控制开始] arm_boom 目标: 93.0° | 基础推力: 2000, 2000, 2600 | 初始步骤: False
[17:03:35.261] [状态] arm_boom | 当前角度: 10.6° | 距离目标: 82.4° | 已耗时: 0.00s
[17:03:35.773] [状态] arm_boom | 当前角度: 46.2° | 距离目标: 46.8° | 已耗时: 0.51s
[17:03:36.266] [状态] arm_boom | 当前角度: 85.5° | 距离目标: 7.5° | 已耗时: 1.01s
[17:03:36.369] [闭环控制完成] arm_boom 抵达目标区域 (当前角度: 89.3° 目标: 93.0°)
[17:03:36.369] [柔性刹车] 保持动作，液压从 29.8% 缓降至 0%，耗时: 0.2s
[17:03:37.163] 
==========================================
[17:03:37.163] [闭环控制开始] bucket_arm 目标: 5.1° | 基础推力: 2000, 2000, 2600 | 初始步骤: False
[17:03:37.163] [状态] bucket_arm | 当前角度: -53.3° | 距离目标: 58.4° | 已耗时: 0.00s
[17:03:37.676] [状态] bucket_arm | 当前角度: -41.9° | 距离目标: 47.0° | 已耗时: 0.51s
[17:03:38.163] [状态] bucket_arm | 当前角度: -18.2° | 距离目标: 23.3° | 已耗时: 1.00s
[17:03:38.489] [闭环控制完成] bucket_arm 抵达目标区域 (当前角度: 5.0° 目标: 5.1°)
[17:03:38.489] [柔性刹车] 保持动作，液压从 23.9% 缓降至 0%，耗时: 0.2s
[17:03:39.266] 
==========================================
[17:03:39.267] [闭环控制开始] arm_boom 目标: 28.5° | 基础推力: 2000, 2000, 2600 | 初始步骤: False
[17:03:39.267] [状态] arm_boom | 当前角度: 92.1° | 距离目标: -63.6° | 已耗时: 0.00s
[17:03:39.779] [状态] arm_boom | 当前角度: 72.1° | 距离目标: -43.6° | 已耗时: 0.51s
[17:03:40.268] [状态] arm_boom | 当前角度: 38.8° | 距离目标: -10.3° | 已耗时: 1.00s
[17:03:40.430] [闭环控制完成] arm_boom 抵达目标区域 (当前角度: 30.9° 目标: 28.5°)
[17:03:40.431] [柔性刹车] 保持动作，液压从 28.1% 缓降至 0%，耗时: 0.2s
[17:03:41.170] 
==========================================
[17:03:41.170] [闭环控制开始] bucket_arm 目标: -57.0° | 基础推力: 2000, 2000, 2600 | 初始步骤: False
[17:03:41.171] [状态] bucket_arm | 当前角度: 12.8° | 距离目标: -69.8° | 已耗时: 0.00s
[17:03:41.682] [状态] bucket_arm | 当前角度: -13.2° | 距离目标: -43.8° | 已耗时: 0.51s
[17:03:42.179] [状态] bucket_arm | 当前角度: -43.3° | 距离目标: -13.7° | 已耗时: 1.01s
[17:03:42.565] [闭环控制完成] bucket_arm 抵达目标区域 (当前角度: -53.0° 目标: -57.0°)
[17:03:42.566] [柔性刹车] 保持动作，液压从 33.9% 缓降至 0%，耗时: 0.2s
[17:03:43.273] 
==========================================
[17:03:43.274] [闭环控制开始] boom_swing 目标: 31.9° | 基础推力: 2000, 2000, 2600 | 初始步骤: False
[17:03:43.274] [状态] boom_swing | 当前角度: 3.4° | 距离目标: 28.5° | 已耗时: 0.00s
[17:03:43.785] [状态] boom_swing | 当前角度: 17.4° | 距离目标: 14.5° | 已耗时: 0.51s
[17:03:44.009] [闭环控制完成] boom_swing 抵达目标区域 (当前角度: 28.2° 目标: 31.9°)
[17:03:44.011] [柔性刹车] 保持动作，液压从 11.4% 缓降至 0%，耗时: 0.2s
[17:03:44.777] 
==========================================
[17:03:44.777] [闭环控制开始] bucket_arm 目标: -22.6° | 基础推力: 2000, 2000, 2600 | 初始步骤: False
[17:03:44.777] [状态] bucket_arm | 当前角度: -55.2° | 距离目标: 32.6° | 已耗时: 0.00s
[17:03:45.290] [状态] bucket_arm | 当前角度: -45.2° | 距离目标: 22.6° | 已耗时: 0.51s
[17:03:45.780] [状态] bucket_arm | 当前角度: -25.4° | 距离目标: 2.8° | 已耗时: 1.00s
[17:03:45.780] [闭环控制完成] bucket_arm 抵达目标区域 (当前角度: -25.4° 目标: -22.6°)
[17:03:45.780] [柔性刹车] 保持动作，液压从 29.1% 缓降至 0%，耗时: 0.2s
[17:03:46.580] 
==========================================
[17:03:46.581] [闭环控制开始] arm_boom 目标: 57.7° | 基础推力: 2000, 2000, 2600 | 初始步骤: False
[17:03:46.582] [状态] arm_boom | 当前角度: 27.4° | 距离目标: 30.3° | 已耗时: 0.00s
[17:03:47.094] [状态] arm_boom | 当前角度: 47.2° | 距离目标: 10.5° | 已耗时: 0.51s
[17:03:47.381] [闭环控制完成] arm_boom 抵达目标区域 (当前角度: 54.6° 目标: 57.7°)
[17:03:47.381] [柔性刹车] 保持动作，液压从 30.1% 缓降至 0%，耗时: 0.2s
[17:03:48.184] 
==========================================
[17:03:48.184] [闭环控制开始] bucket_arm 目标: -4.1° | 基础推力: 2000, 2000, 2600 | 初始步骤: False
[17:03:48.184] [状态] bucket_arm | 当前角度: -26.3° | 距离目标: 22.2° | 已耗时: 0.00s
[17:03:48.696] [状态] bucket_arm | 当前角度: -13.8° | 距离目标: 9.7° | 已耗时: 0.51s
[17:03:48.860] [闭环控制完成] bucket_arm 抵达目标区域 (当前角度: -5.5° 目标: -4.1°)
[17:03:48.860] [柔性刹车] 保持动作，液压从 24.8% 缓降至 0%，耗时: 0.2s
[17:03:49.586] 
==========================================
[17:03:49.587] [闭环控制开始] arm_boom 目标: 55.2° | 基础推力: 2000, 2000, 2600 | 初始步骤: False
[17:03:49.587] [状态] arm_boom | 当前角度: 56.5° | 距离目标: -1.3° | 已耗时: 0.00s
[17:03:49.628] [闭环控制完成] arm_boom 抵达目标区域 (当前角度: 56.6° 目标: 55.2°)
[17:03:49.628] [柔性刹车] 保持动作，液压从 2.9% 缓降至 0%，耗时: 0.2s
[17:03:50.388] 
==========================================
[17:03:50.388] [闭环控制开始] bucket_arm 目标: 7.5° | 基础推力: 2000, 2000, 2600 | 初始步骤: False
[17:03:50.388] [状态] bucket_arm | 当前角度: -3.3° | 距离目标: 10.8° | 已耗时: 0.00s
[17:03:50.817] [闭环控制完成] bucket_arm 抵达目标区域 (当前角度: 5.7° 目标: 7.5°)
[17:03:50.817] [柔性刹车] 保持动作，液压从 27.2% 缓降至 0%，耗时: 0.2s
[17:03:51.590] 
==========================================
[17:03:51.590] [闭环控制开始] boom_swing 目标: 15.6° | 基础推力: 2000, 2000, 2600 | 初始步骤: False
[17:03:51.590] [状态] boom_swing | 当前角度: 41.3° | 距离目标: -25.7° | 已耗时: 0.00s
[17:03:52.104] [状态] boom_swing | 当前角度: 32.6° | 距离目标: -17.0° | 已耗时: 0.51s
[17:03:52.433] [闭环控制完成] boom_swing 抵达目标区域 (当前角度: 15.7° 目标: 15.6°)
[17:03:52.433] [柔性刹车] 保持动作，液压从 20.7% 缓降至 0%，耗时: 0.2s
[17:03:53.192] 
==========================================
[17:03:53.192] [闭环控制开始] arm_boom 目标: 81.7° | 基础推力: 2000, 2000, 2600 | 初始步骤: False
[17:03:53.193] [状态] arm_boom | 当前角度: 57.5° | 距离目标: 24.2° | 已耗时: 0.00s
[17:03:53.704] [状态] arm_boom | 当前角度: 72.3° | 距离目标: 9.4° | 已耗时: 0.51s
[17:03:53.888] [闭环控制完成] arm_boom 抵达目标区域 (当前角度: 79.6° 目标: 81.7°)
[17:03:53.888] [柔性刹车] 保持动作，液压从 27.2% 缓降至 0%，耗时: 0.2s
[17:03:54.594] 
==========================================
[17:03:54.595] [闭环控制开始] boom_swing 目标: -0.0° | 基础推力: 2000, 2000, 2600 | 初始步骤: False
[17:03:54.595] [状态] boom_swing | 当前角度: 12.6° | 距离目标: -12.6° | 已耗时: 0.00s
[17:03:55.105] [状态] boom_swing | 当前角度: 5.9° | 距离目标: -5.9° | 已耗时: 0.51s
[17:03:55.291] [闭环控制完成] boom_swing 抵达目标区域 (当前角度: 2.3° 目标: -0.0°)
[17:03:55.291] [柔性刹车] 保持动作，液压从 26.0% 缓降至 0%，耗时: 0.2s
[17:03:55.997] [开环控制开始] 回转 左转 3.0 秒 | 基础推力: 2000, 2000, 2000
[17:03:55.998] [状态] 回转 左转 | 已运行: 0.00s / 3.0s | 模拟量输出: 0, 0, 0 | 柔性系数: 0.00
[17:03:56.512] [状态] 回转 左转 | 已运行: 0.51s / 3.0s | 模拟量输出: 2000, 2000, 2000 | 柔性系数: 1.00
[17:03:57.003] [状态] 回转 左转 | 已运行: 1.01s / 3.0s | 模拟量输出: 2000, 2000, 2000 | 柔性系数: 1.00
[17:03:57.516] [状态] 回转 左转 | 已运行: 1.52s / 3.0s | 模拟量输出: 2000, 2000, 2000 | 柔性系数: 1.00
[17:03:58.003] [状态] 回转 左转 | 已运行: 2.01s / 3.0s | 模拟量输出: 2000, 2000, 2000 | 柔性系数: 1.00
[17:03:58.515] [状态] 回转 左转 | 已运行: 2.52s / 3.0s | 模拟量输出: 2000, 2000, 2000 | 柔性系数: 1.00
[17:03:59.005] [开环控制完成] 回转动作结束 (左转 3.0 秒)
[17:03:59.603] 
==========================================
[17:03:59.603] [闭环控制开始] arm_boom 目标: 13.5° | 基础推力: 2000, 2000, 2600 | 初始步骤: False
[17:03:59.603] [状态] arm_boom | 当前角度: 85.2° | 距离目标: -71.7° | 已耗时: 0.00s
[17:04:00.114] [状态] arm_boom | 当前角度: 67.8° | 距离目标: -54.3° | 已耗时: 0.51s
[17:04:00.605] [状态] arm_boom | 当前角度: 37.3° | 距离目标: -23.8° | 已耗时: 1.00s
[17:04:00.932] [闭环控制完成] arm_boom 抵达目标区域 (当前角度: 16.5° 目标: 13.5°)
[17:04:00.932] [柔性刹车] 保持动作，液压从 33.4% 缓降至 0%，耗时: 0.2s
[17:04:01.707] 
==========================================
[17:04:01.707] [闭环控制开始] bucket_arm 目标: -51.3° | 基础推力: 2000, 2000, 2600 | 初始步骤: False
[17:04:01.708] [状态] bucket_arm | 当前角度: 13.5° | 距离目标: -64.8° | 已耗时: 0.00s
[17:04:02.221] [状态] bucket_arm | 当前角度: -9.7° | 距离目标: -41.6° | 已耗时: 0.51s
[17:04:02.713] [状态] bucket_arm | 当前角度: -41.8° | 距离目标: -9.5° | 已耗时: 1.01s
[17:04:02.896] [闭环控制完成] bucket_arm 抵达目标区域 (当前角度: -47.9° 目标: -51.3°)
[17:04:02.896] [柔性刹车] 保持动作，液压从 30.8% 缓降至 0%，耗时: 0.2s
[17:04:03.610] [开环控制开始] 回转 右转 3.0 秒 | 基础推力: 2000, 2000, 2000
[17:04:03.611] [状态] 回转 右转 | 已运行: 0.00s / 3.0s | 模拟量输出: 0, 0, 0 | 柔性系数: 0.00
[17:04:04.124] [状态] 回转 右转 | 已运行: 0.51s / 3.0s | 模拟量输出: 2000, 2000, 2000 | 柔性系数: 1.00
[17:04:04.614] [状态] 回转 右转 | 已运行: 1.00s / 3.0s | 模拟量输出: 2000, 2000, 2000 | 柔性系数: 1.00
[17:04:05.125] [状态] 回转 右转 | 已运行: 1.51s / 3.0s | 模拟量输出: 2000, 2000, 2000 | 柔性系数: 1.00
[17:04:05.620] [状态] 回转 右转 | 已运行: 2.01s / 3.0s | 模拟量输出: 2000, 2000, 2000 | 柔性系数: 1.00
[17:04:06.112] [状态] 回转 右转 | 已运行: 2.50s / 3.0s | 模拟量输出: 2000, 2000, 2000 | 柔性系数: 1.00
[17:04:06.626] [开环控制完成] 回转动作结束 (右转 3.0 秒)
