[14:43:55.377] === 挖掘机 V4 闭环控制器初始化 ===
[14:43:57.945] 
==========================================
[14:43:57.946] [闭环控制开始] boom_swing 目标: -0.1° | 基础推力: 2000, 2000, 2600 | 初始步骤: False
[14:43:57.946] [状态] boom_swing | 当前角度: 3.9° | 距离目标: -4.0° | 已耗时: 0.00s
[14:43:58.459] [状态] boom_swing | 当前角度: 5.9° | 距离目标: -6.0° | 已耗时: 0.51s
[14:43:58.952] [状态] boom_swing | 当前角度: 7.9° | 距离目标: -8.0° | 已耗时: 1.01s
[14:43:59.464] [状态] boom_swing | 当前角度: 7.1° | 距离目标: -7.2° | 已耗时: 1.52s
[14:43:59.954] [状态] boom_swing | 当前角度: 7.0° | 距离目标: -7.1° | 已耗时: 2.01s
[14:44:00.446] [状态] boom_swing | 当前角度: 6.4° | 距离目标: -6.5° | 已耗时: 2.50s
[14:44:00.959] [状态] boom_swing | 当前角度: 6.6° | 距离目标: -6.7° | 已耗时: 3.01s
[14:44:01.450] [状态] boom_swing | 当前角度: 6.8° | 距离目标: -6.9° | 已耗时: 3.50s
[14:44:01.532] [警告] 检测到 boom_swing 卡死！(当前角度: 6.9°, 距目标: -7.0°) 停滞超过 1.5 秒。
[14:44:01.532] [智能补偿] boom_swing 推力不足，自身液压增加 200mV (当前总液压: 2800mV)
[14:44:01.962] [状态] boom_swing | 当前角度: 7.0° | 距离目标: -7.1° | 已耗时: 4.02s
[14:44:02.248] [智能补偿恢复] boom_swing 恢复正常运动，取消自身液压递增补偿。
[14:44:02.451] [状态] boom_swing | 当前角度: 7.2° | 距离目标: -7.3° | 已耗时: 4.51s
[14:44:02.960] [状态] boom_swing | 当前角度: 7.4° | 距离目标: -7.5° | 已耗时: 5.01s
[14:44:03.450] [状态] boom_swing | 当前角度: 7.2° | 距离目标: -7.3° | 已耗时: 5.50s
[14:44:03.758] [警告] 检测到 boom_swing 卡死！(当前角度: 7.3°, 距目标: -7.4°) 停滞超过 1.5 秒。
[14:44:03.758] [智能补偿] boom_swing 推力不足，自身液压增加 200mV (当前总液压: 2800mV)
[14:44:03.962] [状态] boom_swing | 当前角度: 7.3° | 距离目标: -7.4° | 已耗时: 6.02s
[14:44:04.451] [状态] boom_swing | 当前角度: 7.6° | 距离目标: -7.7° | 已耗时: 6.51s
[14:44:04.962] [状态] boom_swing | 当前角度: 7.4° | 距离目标: -7.5° | 已耗时: 7.02s
[14:44:05.267] [警告] 检测到 boom_swing 卡死！(当前角度: 7.6°, 距目标: -7.7°) 停滞超过 1.5 秒。
[14:44:05.267] [智能补偿] boom_swing 推力不足，自身液压增加 200mV (当前总液压: 3000mV)
[14:44:05.329] [智能补偿恢复] boom_swing 恢复正常运动，取消自身液压递增补偿。
[14:44:05.450] [状态] boom_swing | 当前角度: 7.7° | 距离目标: -7.8° | 已耗时: 7.50s
[14:44:05.960] [状态] boom_swing | 当前角度: 6.8° | 距离目标: -6.9° | 已耗时: 8.01s
[14:44:06.451] [状态] boom_swing | 当前角度: 7.1° | 距离目标: -7.2° | 已耗时: 8.50s
[14:44:06.962] [状态] boom_swing | 当前角度: 7.4° | 距离目标: -7.5° | 已耗时: 9.02s
[14:44:07.233] [警告] 检测到 boom_swing 卡死！(当前角度: 7.5°, 距目标: -7.6°) 停滞超过 1.5 秒。
[14:44:07.233] [智能补偿] boom_swing 推力不足，自身液压增加 200mV (当前总液压: 2800mV)
[14:44:07.334] [智能补偿恢复] boom_swing 恢复正常运动，取消自身液压递增补偿。
[14:44:07.461] [状态] boom_swing | 当前角度: 7.7° | 距离目标: -7.8° | 已耗时: 9.51s
[14:44:07.955] [状态] boom_swing | 当前角度: 7.0° | 距离目标: -7.1° | 已耗时: 10.01s
[14:44:08.447] [状态] boom_swing | 当前角度: 7.1° | 距离目标: -7.2° | 已耗时: 10.50s
[14:44:09.336] [警告] 检测到 boom_swing 卡死！(当前角度: 7.3°, 距目标: -7.4°) 停滞超过 1.5 秒。
[14:44:09.336] [智能补偿] boom_swing 推力不足，自身液压增加 200mV (当前总液压: 2800mV)
[14:44:09.459] [状态] boom_swing | 当前角度: 7.4° | 距离目标: -7.5° | 已耗时: 11.51s
[14:44:09.956] [状态] boom_swing | 当前角度: 7.4° | 距离目标: -7.5° | 已耗时: 12.01s
[14:44:10.453] [状态] boom_swing | 当前角度: 7.3° | 距离目标: -7.4° | 已耗时: 12.51s
[14:44:10.842] [警告] 检测到 boom_swing 卡死！(当前角度: 7.4°, 距目标: -7.5°) 停滞超过 1.5 秒。
[14:44:10.843] [智能补偿] boom_swing 推力不足，自身液压增加 200mV (当前总液压: 3000mV)
[14:44:10.946] [状态] boom_swing | 当前角度: 7.4° | 距离目标: -7.5° | 已耗时: 13.00s
[14:44:11.382] [智能补偿恢复] boom_swing 恢复正常运动，取消自身液压递增补偿。
[14:44:11.463] [状态] boom_swing | 当前角度: 7.6° | 距离目标: -7.7° | 已耗时: 13.52s
[14:44:11.958] [状态] boom_swing | 当前角度: 7.1° | 距离目标: -7.2° | 已耗时: 14.01s
[14:44:12.955] [状态] boom_swing | 当前角度: 7.2° | 距离目标: -7.3° | 已耗时: 15.01s
[14:44:13.405] [警告] 检测到 boom_swing 卡死！(当前角度: 7.4°, 距目标: -7.5°) 停滞超过 1.5 秒。
[14:44:13.405] [智能补偿] boom_swing 推力不足，自身液压增加 200mV (当前总液压: 2800mV)
[14:44:13.466] [状态] boom_swing | 当前角度: 7.4° | 距离目标: -7.5° | 已耗时: 15.52s
[14:44:13.793] [智能补偿恢复] boom_swing 恢复正常运动，取消自身液压递增补偿。
[14:44:13.957] [状态] boom_swing | 当前角度: 7.7° | 距离目标: -7.8° | 已耗时: 16.01s
[14:44:14.963] [状态] boom_swing | 当前角度: 7.1° | 距离目标: -7.2° | 已耗时: 17.02s
[14:44:15.452] [状态] boom_swing | 当前角度: 7.2° | 距离目标: -7.3° | 已耗时: 17.51s
[14:44:15.881] [警告] 检测到 boom_swing 卡死！(当前角度: 7.4°, 距目标: -7.5°) 停滞超过 1.5 秒。
[14:44:15.882] [智能补偿] boom_swing 推力不足，自身液压增加 200mV (当前总液压: 2800mV)
[14:44:15.965] [状态] boom_swing | 当前角度: 7.5° | 距离目标: -7.6° | 已耗时: 18.02s
[14:44:16.149] [智能补偿恢复] boom_swing 恢复正常运动，取消自身液压递增补偿。
[14:44:16.455] [状态] boom_swing | 当前角度: 7.7° | 距离目标: -7.8° | 已耗时: 18.51s
[14:44:16.963] [状态] boom_swing | 当前角度: 6.8° | 距离目标: -6.9° | 已耗时: 19.02s
[14:44:17.454] [状态] boom_swing | 当前角度: 7.1° | 距离目标: -7.2° | 已耗时: 19.51s
[14:44:17.965] [状态] boom_swing | 当前角度: 7.3° | 距离目标: -7.4° | 已耗时: 20.02s
[14:44:18.311] [警告] 检测到 boom_swing 卡死！(当前角度: 7.5°, 距目标: -7.6°) 停滞超过 1.5 秒。
[14:44:18.311] [智能补偿] boom_swing 推力不足，自身液压增加 200mV (当前总液压: 2800mV)
[14:44:18.373] [智能补偿恢复] boom_swing 恢复正常运动，取消自身液压递增补偿。
[14:44:18.454] [状态] boom_swing | 当前角度: 7.6° | 距离目标: -7.7° | 已耗时: 20.51s
[14:44:18.965] [状态] boom_swing | 当前角度: 7.2° | 距离目标: -7.3° | 已耗时: 21.02s
[14:44:19.457] [状态] boom_swing | 当前角度: 7.6° | 距离目标: -7.7° | 已耗时: 21.51s
[14:44:19.886] [警告] 检测到 boom_swing 卡死！(当前角度: 7.2°, 距目标: -7.3°) 停滞超过 1.5 秒。
[14:44:19.886] [智能补偿] boom_swing 推力不足，自身液压增加 200mV (当前总液压: 2800mV)
[14:44:19.948] [状态] boom_swing | 当前角度: 7.1° | 距离目标: -7.2° | 已耗时: 22.00s
[14:44:19.948] [智能补偿恢复] boom_swing 恢复正常运动，取消自身液压递增补偿。
[14:44:20.459] [状态] boom_swing | 当前角度: 7.0° | 距离目标: -7.1° | 已耗时: 22.51s
[14:44:20.955] [状态] boom_swing | 当前角度: 7.3° | 距离目标: -7.4° | 已耗时: 23.01s
[14:44:21.450] [状态] boom_swing | 当前角度: 7.7° | 距离目标: -7.8° | 已耗时: 23.50s
[14:44:21.960] [状态] boom_swing | 当前角度: 7.3° | 距离目标: -7.4° | 已耗时: 24.01s
[14:44:22.454] [状态] boom_swing | 当前角度: 6.9° | 距离目标: -7.0° | 已耗时: 24.51s
[14:44:22.965] [状态] boom_swing | 当前角度: 7.2° | 距离目标: -7.3° | 已耗时: 25.02s
[14:44:23.455] [状态] boom_swing | 当前角度: 7.5° | 距离目标: -7.6° | 已耗时: 25.51s
[14:44:23.966] [状态] boom_swing | 当前角度: 7.5° | 距离目标: -7.6° | 已耗时: 26.02s
[14:44:24.455] [状态] boom_swing | 当前角度: 7.0° | 距离目标: -7.1° | 已耗时: 26.51s
[14:44:24.952] [状态] boom_swing | 当前角度: 7.1° | 距离目标: -7.2° | 已耗时: 27.01s
[14:44:25.463] [状态] boom_swing | 当前角度: 7.3° | 距离目标: -7.4° | 已耗时: 27.52s
[14:44:25.728] [警告] 检测到 boom_swing 卡死！(当前角度: 7.4°, 距目标: -7.5°) 停滞超过 1.5 秒。
[14:44:25.728] [智能补偿] boom_swing 推力不足，自身液压增加 200mV (当前总液压: 2800mV)
[14:44:25.954] [状态] boom_swing | 当前角度: 7.4° | 距离目标: -7.5° | 已耗时: 28.01s
[14:44:26.386] [智能补偿恢复] boom_swing 恢复正常运动，取消自身液压递增补偿。
[14:44:26.449] [状态] boom_swing | 当前角度: 7.6° | 距离目标: -7.7° | 已耗时: 28.50s
[14:44:26.962] [状态] boom_swing | 当前角度: 7.3° | 距离目标: -7.4° | 已耗时: 29.02s
[14:44:27.452] [状态] boom_swing | 当前角度: 7.0° | 距离目标: -7.1° | 已耗时: 29.51s
[14:44:27.963] [状态] boom_swing | 当前角度: 7.4° | 距离目标: -7.5° | 已耗时: 30.02s
[14:44:28.454] [状态] boom_swing | 当前角度: 7.4° | 距离目标: -7.5° | 已耗时: 30.51s
[14:44:28.556] [警告] 检测到 boom_swing 卡死！(当前角度: 7.4°, 距目标: -7.5°) 停滞超过 1.5 秒。
[14:44:28.556] [智能补偿] boom_swing 推力不足，自身液压增加 200mV (当前总液压: 2800mV)
[14:44:28.966] [状态] boom_swing | 当前角度: 7.3° | 距离目标: -7.4° | 已耗时: 31.02s
[14:44:29.457] [状态] boom_swing | 当前角度: 7.3° | 距离目标: -7.4° | 已耗时: 31.51s
[14:44:29.947] [状态] boom_swing | 当前角度: 7.5° | 距离目标: -7.6° | 已耗时: 32.00s
[14:44:30.069] [警告] 检测到 boom_swing 卡死！(当前角度: 7.4°, 距目标: -7.5°) 停滞超过 1.5 秒。
[14:44:30.069] [智能补偿] boom_swing 推力不足，自身液压增加 200mV (当前总液压: 3000mV)
[14:44:30.458] [状态] boom_swing | 当前角度: 7.2° | 距离目标: -7.3° | 已耗时: 32.51s
[14:44:30.952] [状态] boom_swing | 当前角度: 7.4° | 距离目标: -7.5° | 已耗时: 33.01s
[14:44:31.362] [智能补偿恢复] boom_swing 恢复正常运动，取消自身液压递增补偿。
[14:44:31.465] [状态] boom_swing | 当前角度: 7.6° | 距离目标: -7.7° | 已耗时: 33.52s
[14:44:31.957] [状态] boom_swing | 当前角度: 7.3° | 距离目标: -7.4° | 已耗时: 34.01s
[14:44:32.874] [警告] 检测到 boom_swing 卡死！(当前角度: 7.8°, 距目标: -7.9°) 停滞超过 1.5 秒。
[14:44:32.874] [智能补偿] boom_swing 推力不足，自身液压增加 200mV (当前总液压: 2800mV)
[14:44:32.956] [状态] boom_swing | 当前角度: 7.8° | 距离目标: -7.9° | 已耗时: 35.01s
[14:44:33.342] [智能补偿恢复] boom_swing 恢复正常运动，取消自身液压递增补偿。
[14:44:33.447] [状态] boom_swing | 当前角度: 6.8° | 距离目标: -6.9° | 已耗时: 35.50s
[14:44:33.958] [状态] boom_swing | 当前角度: 7.0° | 距离目标: -7.1° | 已耗时: 36.01s
[14:44:34.449] [状态] boom_swing | 当前角度: 7.3° | 距离目标: -7.4° | 已耗时: 36.50s
[14:44:34.958] [状态] boom_swing | 当前角度: 7.6° | 距离目标: -7.7° | 已耗时: 37.01s
[14:44:35.446] [状态] boom_swing | 当前角度: 7.8° | 距离目标: -7.9° | 已耗时: 37.50s
[14:44:35.957] [状态] boom_swing | 当前角度: 6.9° | 距离目标: -7.0° | 已耗时: 38.01s
[14:44:36.451] [状态] boom_swing | 当前角度: 7.1° | 距离目标: -7.2° | 已耗时: 38.51s
[14:44:36.966] [状态] boom_swing | 当前角度: 7.4° | 距离目标: -7.5° | 已耗时: 39.02s
[14:44:37.457] [状态] boom_swing | 当前角度: 7.7° | 距离目标: -7.8° | 已耗时: 39.51s
