[14:36:45.324] === 挖掘机 V4 闭环控制器初始化 ===
[14:36:47.895] 
==========================================
[14:36:47.896] [闭环控制开始] boom_swing 目标: -0.1° | 基础推力: 2000, 2000, 2600 | 初始步骤: False
[14:36:47.896] [状态] boom_swing | 当前角度: 47.8° | 距离目标: -47.9° | 已耗时: 0.00s
[14:36:47.896] [严重警告] boom_swing 实时角度 47.8° 已超出最大安全极限 45.0°！强制急停！
[14:36:48.497] 
==========================================
[14:36:48.497] [闭环控制开始] arm_boom 目标: 93.0° | 基础推力: 2000, 2000, 2600 | 初始步骤: False
[14:36:48.498] [状态] arm_boom | 当前角度: 25.3° | 距离目标: 67.7° | 已耗时: 0.00s
[14:36:49.009] [状态] arm_boom | 当前角度: 25.3° | 距离目标: 67.7° | 已耗时: 0.51s
[14:36:49.501] [状态] arm_boom | 当前角度: 36.0° | 距离目标: 57.0° | 已耗时: 1.00s
[14:36:50.015] [状态] arm_boom | 当前角度: 53.9° | 距离目标: 39.1° | 已耗时: 1.52s
[14:36:50.509] [状态] arm_boom | 当前角度: 73.1° | 距离目标: 19.9° | 已耗时: 2.01s
[14:36:50.818] [闭环控制完成] arm_boom 抵达目标区域 (当前角度: 90.9° 目标: 93.0°)
[14:36:50.818] [柔性刹车] 保持动作，液压从 23.0% 缓降至 0%，耗时: 0.2s
[14:36:51.603] 
==========================================
[14:36:51.604] [闭环控制开始] bucket_arm 目标: 5.1° | 基础推力: 2000, 2000, 2600 | 初始步骤: False
[14:36:51.604] [状态] bucket_arm | 当前角度: -73.4° | 距离目标: 78.5° | 已耗时: 0.00s
[14:36:52.119] [状态] bucket_arm | 当前角度: -64.4° | 距离目标: 69.5° | 已耗时: 0.51s
[14:36:52.608] [状态] bucket_arm | 当前角度: -45.5° | 距离目标: 50.6° | 已耗时: 1.00s
[14:36:53.105] [状态] bucket_arm | 当前角度: -25.3° | 距离目标: 30.4° | 已耗时: 1.50s
[14:36:53.533] [闭环控制完成] bucket_arm 抵达目标区域 (当前角度: 5.0° 目标: 5.1°)
[14:36:53.533] [柔性刹车] 保持动作，液压从 23.5% 缓降至 0%，耗时: 0.2s
[14:36:54.308] 
==========================================
[14:36:54.308] [闭环控制开始] arm_boom 目标: 28.5° | 基础推力: 2000, 2000, 2600 | 初始步骤: False
[14:36:54.309] [状态] arm_boom | 当前角度: 89.3° | 距离目标: -60.8° | 已耗时: 0.00s
[14:36:54.821] [状态] arm_boom | 当前角度: 69.2° | 距离目标: -40.7° | 已耗时: 0.51s
[14:36:55.314] [状态] arm_boom | 当前角度: 40.3° | 距离目标: -11.8° | 已耗时: 1.01s
[14:36:55.498] [闭环控制完成] arm_boom 抵达目标区域 (当前角度: 30.6° 目标: 28.5°)
[14:36:55.498] [柔性刹车] 保持动作，液压从 27.4% 缓降至 0%，耗时: 0.2s
[14:36:56.212] 
==========================================
[14:36:56.212] [闭环控制开始] bucket_arm 目标: -57.0° | 基础推力: 2000, 2000, 2600 | 初始步骤: False
[14:36:56.212] [状态] bucket_arm | 当前角度: 15.1° | 距离目标: -72.1° | 已耗时: 0.00s
[14:36:56.728] [状态] bucket_arm | 当前角度: -6.4° | 距离目标: -50.6° | 已耗时: 0.52s
[14:36:57.221] [状态] bucket_arm | 当前角度: -35.6° | 距离目标: -21.4° | 已耗时: 1.01s
[14:36:57.612] [闭环控制完成] bucket_arm 抵达目标区域 (当前角度: -55.7° 目标: -57.0°)
[14:36:57.612] [柔性刹车] 保持动作，液压从 22.7% 缓降至 0%，耗时: 0.2s
[14:36:58.415] 
==========================================
[14:36:58.415] [闭环控制开始] boom_swing 目标: 31.9° | 基础推力: 2000, 2000, 2600 | 初始步骤: False
[14:36:58.415] [状态] boom_swing | 当前角度: 46.7° | 距离目标: -14.8° | 已耗时: 0.00s
[14:36:58.416] [严重警告] boom_swing 实时角度 46.7° 已超出最大安全极限 45.0°！强制急停！
[14:36:59.017] 
==========================================
[14:36:59.018] [闭环控制开始] bucket_arm 目标: -22.6° | 基础推力: 2000, 2000, 2600 | 初始步骤: False
[14:36:59.018] [状态] bucket_arm | 当前角度: -57.3° | 距离目标: 34.7° | 已耗时: 0.00s
[14:37:00.019] 
==========================================
[14:37:00.019] [闭环控制开始] arm_boom 目标: 57.7° | 基础推力: 2000, 2000, 2600 | 初始步骤: False
[14:37:00.020] [状态] arm_boom | 当前角度: 21.8° | 距离目标: 35.9° | 已耗时: 0.00s
