[14:42:24.827] === 挖掘机 V4 闭环控制器初始化 ===
[14:42:27.406] 
==========================================
[14:42:27.407] [闭环控制开始] boom_swing 目标: -0.1° | 基础推力: 2000, 2000, 2600 | 初始步骤: False
[14:42:27.407] [状态] boom_swing | 当前角度: 9.0° | 距离目标: -9.1° | 已耗时: 0.00s
[14:42:27.918] [状态] boom_swing | 当前角度: 6.7° | 距离目标: -6.8° | 已耗时: 0.51s
[14:42:28.103] [闭环控制完成] boom_swing 抵达目标区域 (当前角度: 2.4° 目标: -0.1°)
[14:42:28.103] [柔性刹车] 保持动作，液压从 26.7% 缓降至 0%，耗时: 0.2s
[14:42:28.809] 
==========================================
[14:42:28.810] [闭环控制开始] arm_boom 目标: 93.0° | 基础推力: 2000, 2000, 2600 | 初始步骤: False
[14:42:28.810] [状态] arm_boom | 当前角度: 92.4° | 距离目标: 0.6° | 已耗时: 0.00s
[14:42:28.851] [闭环控制完成] arm_boom 抵达目标区域 (当前角度: 92.4° 目标: 93.0°)
[14:42:28.852] [柔性刹车] 保持动作，液压从 2.9% 缓降至 0%，耗时: 0.2s
[14:42:29.611] 
==========================================
[14:42:29.611] [闭环控制开始] bucket_arm 目标: 5.1° | 基础推力: 2000, 2000, 2600 | 初始步骤: False
[14:42:29.611] [状态] bucket_arm | 当前角度: -47.5° | 距离目标: 52.6° | 已耗时: 0.00s
[14:42:30.125] [状态] bucket_arm | 当前角度: -36.1° | 距离目标: 41.2° | 已耗时: 0.51s
[14:42:30.616] [状态] bucket_arm | 当前角度: -12.5° | 距离目标: 17.6° | 已耗时: 1.00s
[14:42:30.821] [闭环控制完成] bucket_arm 抵达目标区域 (当前角度: 4.5° 目标: 5.1°)
[14:42:30.821] [柔性刹车] 保持动作，液压从 20.4% 缓降至 0%，耗时: 0.2s
[14:42:31.614] 
==========================================
[14:42:31.615] [闭环控制开始] arm_boom 目标: 28.5° | 基础推力: 2000, 2000, 2600 | 初始步骤: False
[14:42:31.615] [状态] arm_boom | 当前角度: 92.3° | 距离目标: -63.8° | 已耗时: 0.00s
[14:42:32.128] [状态] arm_boom | 当前角度: 74.2° | 距离目标: -45.7° | 已耗时: 0.51s
[14:42:32.617] [状态] arm_boom | 当前角度: 43.2° | 距离目标: -14.7° | 已耗时: 1.00s
[14:42:32.863] [闭环控制完成] arm_boom 抵达目标区域 (当前角度: 30.4° 目标: 28.5°)
[14:42:32.864] [柔性刹车] 保持动作，液压从 25.4% 缓降至 0%，耗时: 0.2s
[14:42:33.619] 
==========================================
[14:42:33.620] [闭环控制开始] bucket_arm 目标: -57.0° | 基础推力: 2000, 2000, 2600 | 初始步骤: False
[14:42:33.620] [状态] bucket_arm | 当前角度: 11.1° | 距离目标: -68.1° | 已耗时: 0.00s
[14:42:34.135] [状态] bucket_arm | 当前角度: -13.0° | 距离目标: -44.0° | 已耗时: 0.52s
[14:42:34.630] [状态] bucket_arm | 当前角度: -41.9° | 距离目标: -15.1° | 已耗时: 1.01s
[14:42:34.921] [闭环控制完成] bucket_arm 抵达目标区域 (当前角度: -53.3° 目标: -57.0°)
[14:42:34.922] [柔性刹车] 保持动作，液压从 32.4% 缓降至 0%，耗时: 0.2s
[14:42:35.724] 
==========================================
[14:42:35.724] [闭环控制开始] boom_swing 目标: 31.9° | 基础推力: 2000, 2000, 2600 | 初始步骤: False
[14:42:35.724] [状态] boom_swing | 当前角度: 3.6° | 距离目标: 28.3° | 已耗时: 0.00s
[14:42:36.236] [状态] boom_swing | 当前角度: 17.6° | 距离目标: 14.3° | 已耗时: 0.51s
[14:42:36.461] [闭环控制完成] boom_swing 抵达目标区域 (当前角度: 28.4° 目标: 31.9°)
[14:42:36.461] [柔性刹车] 保持动作，液压从 10.5% 缓降至 0%，耗时: 0.2s
[14:42:37.227] 
==========================================
[14:42:37.227] [闭环控制开始] bucket_arm 目标: -22.6° | 基础推力: 2000, 2000, 2600 | 初始步骤: False
[14:42:37.228] [状态] bucket_arm | 当前角度: -55.9° | 距离目标: 33.3° | 已耗时: 0.00s
[14:42:37.739] [状态] bucket_arm | 当前角度: -46.7° | 距离目标: 24.1° | 已耗时: 0.51s
[14:42:38.228] [状态] bucket_arm | 当前角度: -26.2° | 距离目标: 3.6° | 已耗时: 1.00s
[14:42:38.249] [闭环控制完成] bucket_arm 抵达目标区域 (当前角度: -26.0° 目标: -22.6°)
[14:42:38.249] [柔性刹车] 保持动作，液压从 31.7% 缓降至 0%，耗时: 0.2s
[14:42:39.032] 
==========================================
[14:42:39.032] [闭环控制开始] arm_boom 目标: 57.7° | 基础推力: 2000, 2000, 2600 | 初始步骤: False
[14:42:39.032] [状态] arm_boom | 当前角度: 27.1° | 距离目标: 30.6° | 已耗时: 0.00s
[14:42:39.543] [状态] arm_boom | 当前角度: 46.6° | 距离目标: 11.1° | 已耗时: 0.51s
[14:42:39.849] [闭环控制完成] arm_boom 抵达目标区域 (当前角度: 54.4° 目标: 57.7°)
[14:42:39.849] [柔性刹车] 保持动作，液压从 31.7% 缓降至 0%，耗时: 0.2s
[14:42:40.636] 
==========================================
[14:42:40.636] [闭环控制开始] bucket_arm 目标: -4.1° | 基础推力: 2000, 2000, 2600 | 初始步骤: False
[14:42:40.636] [状态] bucket_arm | 当前角度: -27.4° | 距离目标: 23.3° | 已耗时: 0.00s
[14:42:41.146] [状态] bucket_arm | 当前角度: -14.7° | 距离目标: 10.6° | 已耗时: 0.51s
[14:42:41.331] [闭环控制完成] bucket_arm 抵达目标区域 (当前角度: -5.9° 目标: -4.1°)
[14:42:41.331] [柔性刹车] 保持动作，液压从 26.0% 缓降至 0%，耗时: 0.2s
[14:42:42.039] 
==========================================
[14:42:42.039] [闭环控制开始] arm_boom 目标: 55.2° | 基础推力: 2000, 2000, 2600 | 初始步骤: False
[14:42:42.040] [状态] arm_boom | 当前角度: 56.1° | 距离目标: -0.9° | 已耗时: 0.00s
[14:42:42.081] [闭环控制完成] arm_boom 抵达目标区域 (当前角度: 56.1° 目标: 55.2°)
[14:42:42.081] [柔性刹车] 保持动作，液压从 3.0% 缓降至 0%，耗时: 0.2s
[14:42:42.840] 
==========================================
[14:42:42.841] [闭环控制开始] bucket_arm 目标: 7.5° | 基础推力: 2000, 2000, 2600 | 初始步骤: False
[14:42:42.841] [状态] bucket_arm | 当前角度: -4.3° | 距离目标: 11.8° | 已耗时: 0.00s
[14:42:43.294] [闭环控制完成] bucket_arm 抵达目标区域 (当前角度: 6.0° 目标: 7.5°)
[14:42:43.294] [柔性刹车] 保持动作，液压从 25.1% 缓降至 0%，耗时: 0.2s
[14:42:44.043] 
==========================================
[14:42:44.043] [闭环控制开始] boom_swing 目标: 15.6° | 基础推力: 2000, 2000, 2600 | 初始步骤: False
[14:42:44.044] [状态] boom_swing | 当前角度: 41.5° | 距离目标: -25.9° | 已耗时: 0.00s
[14:42:44.553] [状态] boom_swing | 当前角度: 31.8° | 距离目标: -16.2° | 已耗时: 0.51s
[14:42:44.861] [闭环控制完成] boom_swing 抵达目标区域 (当前角度: 16.8° 目标: 15.6°)
[14:42:44.862] [柔性刹车] 保持动作，液压从 23.5% 缓降至 0%，耗时: 0.2s
[14:42:45.646] 
==========================================
[14:42:45.647] [闭环控制开始] arm_boom 目标: 81.7° | 基础推力: 2000, 2000, 2600 | 初始步骤: False
[14:42:45.647] [状态] arm_boom | 当前角度: 57.0° | 距离目标: 24.7° | 已耗时: 0.00s
[14:42:46.161] [状态] arm_boom | 当前角度: 71.3° | 距离目标: 10.4° | 已耗时: 0.51s
[14:42:46.388] [闭环控制完成] arm_boom 抵达目标区域 (当前角度: 79.4° 目标: 81.7°)
[14:42:46.389] [柔性刹车] 保持动作，液压从 27.7% 缓降至 0%，耗时: 0.2s
[14:42:47.150] 
==========================================
[14:42:47.150] [闭环控制开始] boom_swing 目标: -0.0° | 基础推力: 2000, 2000, 2600 | 初始步骤: False
[14:42:47.150] [状态] boom_swing | 当前角度: 14.1° | 距离目标: -14.1° | 已耗时: 0.00s
[14:42:47.661] [状态] boom_swing | 当前角度: 6.6° | 距离目标: -6.6° | 已耗时: 0.51s
[14:42:47.824] [闭环控制完成] boom_swing 抵达目标区域 (当前角度: 2.5° 目标: -0.0°)
[14:42:47.824] [柔性刹车] 保持动作，液压从 27.9% 缓降至 0%，耗时: 0.2s
[14:42:48.554] [开环控制开始] 回转 左转 3.0 秒 | 基础推力: 2000, 2000, 2000
[14:42:48.554] [状态] 回转 左转 | 已运行: 0.00s / 3.0s | 模拟量输出: 0, 0, 0 | 柔性系数: 0.00
[14:42:49.063] [状态] 回转 左转 | 已运行: 0.51s / 3.0s | 模拟量输出: 2000, 2000, 2000 | 柔性系数: 1.00
[14:42:49.556] [状态] 回转 左转 | 已运行: 1.00s / 3.0s | 模拟量输出: 2000, 2000, 2000 | 柔性系数: 1.00
[14:42:50.068] [状态] 回转 左转 | 已运行: 1.51s / 3.0s | 模拟量输出: 2000, 2000, 2000 | 柔性系数: 1.00
[14:42:50.559] [状态] 回转 左转 | 已运行: 2.00s / 3.0s | 模拟量输出: 2000, 2000, 2000 | 柔性系数: 1.00
[14:42:51.071] [状态] 回转 左转 | 已运行: 2.52s / 3.0s | 模拟量输出: 2000, 2000, 2000 | 柔性系数: 1.00
[14:42:51.561] [开环控制完成] 回转动作结束 (左转 3.0 秒)
[14:42:52.063] 
==========================================
[14:42:52.064] [闭环控制开始] arm_boom 目标: 13.5° | 基础推力: 2000, 2000, 2600 | 初始步骤: False
[14:42:52.064] [状态] arm_boom | 当前角度: 84.2° | 距离目标: -70.7° | 已耗时: 0.00s
[14:42:52.574] [状态] arm_boom | 当前角度: 67.0° | 距离目标: -53.5° | 已耗时: 0.51s
[14:42:53.065] [状态] arm_boom | 当前角度: 37.2° | 距离目标: -23.7° | 已耗时: 1.00s
[14:42:53.415] [闭环控制完成] arm_boom 抵达目标区域 (当前角度: 15.3° 目标: 13.5°)
[14:42:53.415] [柔性刹车] 保持动作，液压从 25.8% 缓降至 0%，耗时: 0.2s
[14:42:54.168] 
==========================================
[14:42:54.168] [闭环控制开始] bucket_arm 目标: -51.3° | 基础推力: 2000, 2000, 2600 | 初始步骤: False
[14:42:54.168] [状态] bucket_arm | 当前角度: 13.6° | 距离目标: -64.9° | 已耗时: 0.00s
[14:42:54.681] [状态] bucket_arm | 当前角度: -8.1° | 距离目标: -43.2° | 已耗时: 0.51s
[14:42:55.172] [状态] bucket_arm | 当前角度: -41.2° | 距离目标: -10.1° | 已耗时: 1.00s
[14:42:55.417] [闭环控制完成] bucket_arm 抵达目标区域 (当前角度: -47.3° 目标: -51.3°)
[14:42:55.417] [柔性刹车] 保持动作，液压从 33.9% 缓降至 0%，耗时: 0.2s
[14:42:56.172] [开环控制开始] 回转 右转 3.0 秒 | 基础推力: 2000, 2000, 2000
[14:42:56.173] [状态] 回转 右转 | 已运行: 0.00s / 3.0s | 模拟量输出: 0, 0, 0 | 柔性系数: 0.00
[14:42:56.685] [状态] 回转 右转 | 已运行: 0.51s / 3.0s | 模拟量输出: 2000, 2000, 2000 | 柔性系数: 1.00
[14:42:57.178] [状态] 回转 右转 | 已运行: 1.01s / 3.0s | 模拟量输出: 2000, 2000, 2000 | 柔性系数: 1.00
[14:42:57.689] [状态] 回转 右转 | 已运行: 1.52s / 3.0s | 模拟量输出: 2000, 2000, 2000 | 柔性系数: 1.00
[14:42:58.180] [状态] 回转 右转 | 已运行: 2.01s / 3.0s | 模拟量输出: 2000, 2000, 2000 | 柔性系数: 1.00
[14:42:58.673] [状态] 回转 右转 | 已运行: 2.50s / 3.0s | 模拟量输出: 2000, 2000, 2000 | 柔性系数: 1.00
[14:42:59.184] [开环控制完成] 回转动作结束 (右转 3.0 秒)
[14:42:59.779] 
==========================================
[14:42:59.780] [闭环控制开始] boom_swing 目标: -0.1° | 基础推力: 2000, 2000, 2600 | 初始步骤: False
[14:42:59.780] [状态] boom_swing | 当前角度: 2.5° | 距离目标: -2.6° | 已耗时: 0.00s
[14:42:59.821] [闭环控制完成] boom_swing 抵达目标区域 (当前角度: 2.6° 目标: -0.1°)
[14:42:59.821] [柔性刹车] 保持动作，液压从 3.0% 缓降至 0%，耗时: 0.2s
