[10:56:14.067] === 挖掘机 V4 闭环控制器初始化 ===
[10:56:16.580] 
==========================================
[10:56:16.581] [闭环控制开始] boom_swing 目标: -0.1° | 基础推力: 2000, 2000, 2600
[10:56:16.581] [状态] boom_swing | 当前角度: 7.6° | 距离目标: -7.7° | 已耗时: 0.00s
[10:56:17.095] [状态] boom_swing | 当前角度: 6.7° | 距离目标: -6.8° | 已耗时: 0.51s
[10:56:17.586] [状态] boom_swing | 当前角度: 6.2° | 距离目标: -6.3° | 已耗时: 1.00s
[10:56:18.097] [状态] boom_swing | 当前角度: 6.4° | 距离目标: -6.5° | 已耗时: 1.52s
[10:56:18.589] [状态] boom_swing | 当前角度: 6.6° | 距离目标: -6.7° | 已耗时: 2.01s
[10:56:18.671] [警告] 检测到 boom_swing 卡死！(当前角度: 6.6°, 距目标: -6.7°) 停滞超过 1.5 秒。
[10:56:18.692] [警告] 检测到 boom_swing 卡死！(当前角度: 6.7°, 距目标: -6.8°) 停滞超过 1.5 秒。
[10:56:18.713] [警告] 检测到 boom_swing 卡死！(当前角度: 6.7°, 距目标: -6.8°) 停滞超过 1.5 秒。
[10:56:18.734] [警告] 检测到 boom_swing 卡死！(当前角度: 6.7°, 距目标: -6.8°) 停滞超过 1.5 秒。
[10:56:18.755] [警告] 检测到 boom_swing 卡死！(当前角度: 6.7°, 距目标: -6.8°) 停滞超过 1.5 秒。
[10:56:18.775] [警告] 检测到 boom_swing 卡死！(当前角度: 6.7°, 距目标: -6.8°) 停滞超过 1.5 秒。
[10:56:18.796] [警告] 检测到 boom_swing 卡死！(当前角度: 6.7°, 距目标: -6.8°) 停滞超过 1.5 秒。
[10:56:18.816] [警告] 检测到 boom_swing 卡死！(当前角度: 6.8°, 距目标: -6.9°) 停滞超过 1.5 秒。
[10:56:18.837] [警告] 检测到 boom_swing 卡死！(当前角度: 6.8°, 距目标: -6.9°) 停滞超过 1.5 秒。
[10:56:18.857] [警告] 检测到 boom_swing 卡死！(当前角度: 6.8°, 距目标: -6.9°) 停滞超过 1.5 秒。
[10:56:18.880] [警告] 检测到 boom_swing 卡死！(当前角度: 6.8°, 距目标: -6.9°) 停滞超过 1.5 秒。
[10:56:18.905] [警告] 检测到 boom_swing 卡死！(当前角度: 6.8°, 距目标: -6.9°) 停滞超过 1.5 秒。
[10:56:18.925] [警告] 检测到 boom_swing 卡死！(当前角度: 6.8°, 距目标: -6.9°) 停滞超过 1.5 秒。
[10:56:18.946] [警告] 检测到 boom_swing 卡死！(当前角度: 6.8°, 距目标: -6.9°) 停滞超过 1.5 秒。
[10:56:18.967] [警告] 检测到 boom_swing 卡死！(当前角度: 6.8°, 距目标: -6.9°) 停滞超过 1.5 秒。
[10:56:18.987] [警告] 检测到 boom_swing 卡死！(当前角度: 6.8°, 距目标: -6.9°) 停滞超过 1.5 秒。
[10:56:19.008] [警告] 检测到 boom_swing 卡死！(当前角度: 6.8°, 距目标: -6.9°) 停滞超过 1.5 秒。
[10:56:19.028] [警告] 检测到 boom_swing 卡死！(当前角度: 6.8°, 距目标: -6.9°) 停滞超过 1.5 秒。
[10:56:19.049] [警告] 检测到 boom_swing 卡死！(当前角度: 6.8°, 距目标: -6.9°) 停滞超过 1.5 秒。
[10:56:19.069] [警告] 检测到 boom_swing 卡死！(当前角度: 6.8°, 距目标: -6.9°) 停滞超过 1.5 秒。
[10:56:19.090] [状态] boom_swing | 当前角度: 6.8° | 距离目标: -6.9° | 已耗时: 2.51s
[10:56:19.090] [警告] 检测到 boom_swing 卡死！(当前角度: 6.8°, 距目标: -6.9°) 停滞超过 1.5 秒。
[10:56:19.111] [警告] 检测到 boom_swing 卡死！(当前角度: 6.8°, 距目标: -6.9°) 停滞超过 1.5 秒。
[10:56:19.131] [警告] 检测到 boom_swing 卡死！(当前角度: 6.8°, 距目标: -6.9°) 停滞超过 1.5 秒。
[10:56:19.152] [警告] 检测到 boom_swing 卡死！(当前角度: 6.9°, 距目标: -7.0°) 停滞超过 1.5 秒。
[10:56:19.172] [警告] 检测到 boom_swing 卡死！(当前角度: 6.9°, 距目标: -7.0°) 停滞超过 1.5 秒。
[10:56:19.193] [警告] 检测到 boom_swing 卡死！(当前角度: 6.9°, 距目标: -7.0°) 停滞超过 1.5 秒。
[10:56:19.581] [状态] boom_swing | 当前角度: 7.0° | 距离目标: -7.1° | 已耗时: 3.00s
[10:56:20.093] [状态] boom_swing | 当前角度: 7.5° | 距离目标: -7.6° | 已耗时: 3.51s
[10:56:20.587] [状态] boom_swing | 当前角度: 7.4° | 距离目标: -7.5° | 已耗时: 4.01s
[10:56:21.100] [状态] boom_swing | 当前角度: 7.6° | 距离目标: -7.7° | 已耗时: 4.52s
[10:56:21.570] [警告] 检测到 boom_swing 卡死！(当前角度: 7.2°, 距目标: -7.3°) 停滞超过 1.5 秒。
[10:56:21.591] [状态] boom_swing | 当前角度: 7.2° | 距离目标: -7.3° | 已耗时: 5.01s
[10:56:21.591] [警告] 检测到 boom_swing 卡死！(当前角度: 7.2°, 距目标: -7.3°) 停滞超过 1.5 秒。
[10:56:21.611] [警告] 检测到 boom_swing 卡死！(当前角度: 7.2°, 距目标: -7.3°) 停滞超过 1.5 秒。
[10:56:21.632] [警告] 检测到 boom_swing 卡死！(当前角度: 7.2°, 距目标: -7.3°) 停滞超过 1.5 秒。
[10:56:21.652] [警告] 检测到 boom_swing 卡死！(当前角度: 7.2°, 距目标: -7.3°) 停滞超过 1.5 秒。
[10:56:21.673] [警告] 检测到 boom_swing 卡死！(当前角度: 7.2°, 距目标: -7.3°) 停滞超过 1.5 秒。
[10:56:21.693] [警告] 检测到 boom_swing 卡死！(当前角度: 7.2°, 距目标: -7.3°) 停滞超过 1.5 秒。
[10:56:21.713] [警告] 检测到 boom_swing 卡死！(当前角度: 7.2°, 距目标: -7.3°) 停滞超过 1.5 秒。
[10:56:21.734] [警告] 检测到 boom_swing 卡死！(当前角度: 7.2°, 距目标: -7.3°) 停滞超过 1.5 秒。
[10:56:21.754] [警告] 检测到 boom_swing 卡死！(当前角度: 7.2°, 距目标: -7.3°) 停滞超过 1.5 秒。
[10:56:21.775] [警告] 检测到 boom_swing 卡死！(当前角度: 7.3°, 距目标: -7.4°) 停滞超过 1.5 秒。
[10:56:21.796] [警告] 检测到 boom_swing 卡死！(当前角度: 7.3°, 距目标: -7.4°) 停滞超过 1.5 秒。
[10:56:21.816] [警告] 检测到 boom_swing 卡死！(当前角度: 7.3°, 距目标: -7.4°) 停滞超过 1.5 秒。
[10:56:21.837] [警告] 检测到 boom_swing 卡死！(当前角度: 7.4°, 距目标: -7.5°) 停滞超过 1.5 秒。
[10:56:21.857] [警告] 检测到 boom_swing 卡死！(当前角度: 7.4°, 距目标: -7.5°) 停滞超过 1.5 秒。
[10:56:21.877] [警告] 检测到 boom_swing 卡死！(当前角度: 7.4°, 距目标: -7.5°) 停滞超过 1.5 秒。
[10:56:21.898] [警告] 检测到 boom_swing 卡死！(当前角度: 7.4°, 距目标: -7.5°) 停滞超过 1.5 秒。
[10:56:21.919] [警告] 检测到 boom_swing 卡死！(当前角度: 7.4°, 距目标: -7.5°) 停滞超过 1.5 秒。
[10:56:21.940] [警告] 检测到 boom_swing 卡死！(当前角度: 7.4°, 距目标: -7.5°) 停滞超过 1.5 秒。
[10:56:21.960] [警告] 检测到 boom_swing 卡死！(当前角度: 7.4°, 距目标: -7.5°) 停滞超过 1.5 秒。
[10:56:21.981] [警告] 检测到 boom_swing 卡死！(当前角度: 7.4°, 距目标: -7.5°) 停滞超过 1.5 秒。
[10:56:22.001] [警告] 检测到 boom_swing 卡死！(当前角度: 7.4°, 距目标: -7.5°) 停滞超过 1.5 秒。
[10:56:22.022] [警告] 检测到 boom_swing 卡死！(当前角度: 7.5°, 距目标: -7.6°) 停滞超过 1.5 秒。
[10:56:22.042] [警告] 检测到 boom_swing 卡死！(当前角度: 7.5°, 距目标: -7.6°) 停滞超过 1.5 秒。
[10:56:22.063] [警告] 检测到 boom_swing 卡死！(当前角度: 7.5°, 距目标: -7.6°) 停滞超过 1.5 秒。
[10:56:22.084] [状态] boom_swing | 当前角度: 7.5° | 距离目标: -7.6° | 已耗时: 5.50s
[10:56:22.084] [警告] 检测到 boom_swing 卡死！(当前角度: 7.5°, 距目标: -7.6°) 停滞超过 1.5 秒。
[10:56:22.105] [警告] 检测到 boom_swing 卡死！(当前角度: 7.5°, 距目标: -7.6°) 停滞超过 1.5 秒。
[10:56:22.125] [警告] 检测到 boom_swing 卡死！(当前角度: 7.5°, 距目标: -7.6°) 停滞超过 1.5 秒。
[10:56:22.146] [警告] 检测到 boom_swing 卡死！(当前角度: 7.6°, 距目标: -7.7°) 停滞超过 1.5 秒。
[10:56:22.167] [警告] 检测到 boom_swing 卡死！(当前角度: 7.6°, 距目标: -7.7°) 停滞超过 1.5 秒。
[10:56:22.187] [警告] 检测到 boom_swing 卡死！(当前角度: 7.6°, 距目标: -7.7°) 停滞超过 1.5 秒。
[10:56:22.208] [警告] 检测到 boom_swing 卡死！(当前角度: 7.6°, 距目标: -7.7°) 停滞超过 1.5 秒。
[10:56:22.228] [警告] 检测到 boom_swing 卡死！(当前角度: 7.7°, 距目标: -7.8°) 停滞超过 1.5 秒。
[10:56:22.249] [警告] 检测到 boom_swing 卡死！(当前角度: 7.7°, 距目标: -7.8°) 停滞超过 1.5 秒。
[10:56:22.270] [警告] 检测到 boom_swing 卡死！(当前角度: 7.7°, 距目标: -7.8°) 停滞超过 1.5 秒。
[10:56:22.290] [警告] 检测到 boom_swing 卡死！(当前角度: 7.7°, 距目标: -7.8°) 停滞超过 1.5 秒。
[10:56:22.311] [警告] 检测到 boom_swing 卡死！(当前角度: 7.8°, 距目标: -7.9°) 停滞超过 1.5 秒。
[10:56:22.332] [警告] 检测到 boom_swing 卡死！(当前角度: 7.8°, 距目标: -7.9°) 停滞超过 1.5 秒。
[10:56:22.352] [警告] 检测到 boom_swing 卡死！(当前角度: 7.8°, 距目标: -7.9°) 停滞超过 1.5 秒。
[10:56:22.373] [警告] 检测到 boom_swing 卡死！(当前角度: 7.8°, 距目标: -7.9°) 停滞超过 1.5 秒。
[10:56:22.394] [警告] 检测到 boom_swing 卡死！(当前角度: 7.8°, 距目标: -7.9°) 停滞超过 1.5 秒。
[10:56:22.414] [警告] 检测到 boom_swing 卡死！(当前角度: 7.8°, 距目标: -7.9°) 停滞超过 1.5 秒。
[10:56:22.435] [警告] 检测到 boom_swing 卡死！(当前角度: 7.8°, 距目标: -7.9°) 停滞超过 1.5 秒。
[10:56:22.455] [警告] 检测到 boom_swing 卡死！(当前角度: 7.8°, 距目标: -7.9°) 停滞超过 1.5 秒。
[10:56:22.475] [警告] 检测到 boom_swing 卡死！(当前角度: 7.8°, 距目标: -7.9°) 停滞超过 1.5 秒。
[10:56:22.496] [警告] 检测到 boom_swing 卡死！(当前角度: 7.8°, 距目标: -7.9°) 停滞超过 1.5 秒。
[10:56:22.516] [警告] 检测到 boom_swing 卡死！(当前角度: 7.7°, 距目标: -7.8°) 停滞超过 1.5 秒。
[10:56:22.537] [警告] 检测到 boom_swing 卡死！(当前角度: 7.6°, 距目标: -7.7°) 停滞超过 1.5 秒。
[10:56:22.557] [警告] 检测到 boom_swing 卡死！(当前角度: 7.5°, 距目标: -7.6°) 停滞超过 1.5 秒。
[10:56:22.578] [警告] 检测到 boom_swing 卡死！(当前角度: 7.4°, 距目标: -7.5°) 停滞超过 1.5 秒。
[10:56:22.598] [状态] boom_swing | 当前角度: 7.3° | 距离目标: -7.4° | 已耗时: 6.02s
[10:56:22.598] [警告] 检测到 boom_swing 卡死！(当前角度: 7.3°, 距目标: -7.4°) 停滞超过 1.5 秒。
[10:56:22.619] [警告] 检测到 boom_swing 卡死！(当前角度: 7.3°, 距目标: -7.4°) 停滞超过 1.5 秒。
[10:56:22.639] [警告] 检测到 boom_swing 卡死！(当前角度: 7.2°, 距目标: -7.3°) 停滞超过 1.5 秒。
[10:56:22.660] [警告] 检测到 boom_swing 卡死！(当前角度: 7.1°, 距目标: -7.2°) 停滞超过 1.5 秒。
[10:56:22.680] [警告] 检测到 boom_swing 卡死！(当前角度: 7.0°, 距目标: -7.1°) 停滞超过 1.5 秒。
[10:56:22.701] [警告] 检测到 boom_swing 卡死！(当前角度: 7.0°, 距目标: -7.1°) 停滞超过 1.5 秒。
[10:56:23.087] [状态] boom_swing | 当前角度: 7.1° | 距离目标: -7.2° | 已耗时: 6.51s
[10:56:24.089] [状态] boom_swing | 当前角度: 7.7° | 距离目标: -7.8° | 已耗时: 7.51s
